// Jest Snapshot v1, https://goo.gl/fbAQLP

exports[`should render ExpenseListItem with expense 1`] = `
<Link
  className="list-item"
  replace={false}
  to="/edit/undefined"
>
  <div>
    <h3
      className="list-tem__title"
    />
    <span
      className="list-tem__sub-title"
    >
      January 1st, 1970
    </span>
  </div>
  <h3
    className="list-tem__amount"
  >
    â‚¦0.00
  </h3>
</Link>
`;
